================================================================================
Iniciando conferência automática de faturamento
Data de conferência: 09/06/2026
Pasta acessada: G:\Drives compartilhados\TW_Faturamento\2026\FATURAMENTO - M30 SC\06 - JUNHO\09
Pastas de clientes encontradas: 8
------------------------------------------------------------
Cliente: 4552 - 50.201.544 JOAO CARLOS DE MEDEIROS
Lendo Nota Fiscal: 42260630900388000229550010000045521628969823.pdf
      Item encontrado: KS0445110273 | INJETOR CR IVECO DAILY DUCATO 2.3 KINGSTAR
------------------------------------------------------------
Cliente: 4553 - TRIJET PARTS DIESEL LTDA
Lendo Nota Fiscal: 42260630900388000229550010000045531640991440.pdf
      Item encontrado: KS166000372R | INJETOR SIEMENS - FRONTIER 2.3 16V ANO 2017 A
2023 KINGSTAR
CEST: 01.030.00
------------------------------------------------------------
Cliente: 4554 - DISLUBRI DISTRIBUIDOR AUTOMOTIVO LTDA
Lendo Nota Fiscal: 42260630900388000229550010000045541437844125.pdf
      Item encontrado: KSF00VC01502 | VALVULA BASTAO AMAROK 2.0 KINGSTAR
CEST: 01.046.00
------------------------------------------------------------
Cliente: 4555 - RD DIESEL LTDA
Lendo Nota Fiscal: 42260630900388000229550010000045551278968850.pdf
      Item encontrado: LD0950006250 | INJETOR CR NISSAN FRONTIER 2.5 EURO 4
CEST: 01.030.00
------------------------------------------------------------
Cliente: 4556 - A A DE SOUZA DISTRIBUIDORA E REPRESENTACOES
Lendo Nota Fiscal: 42260630900388000229550010000045561294793462.pdf
      Item encontrado: KS166000372R | INJETOR SIEMENS - FRONTIER 2.3 16V ANO 2017 A
2023 KINGSTAR
CEST: 01.030.00
------------------------------------------------------------
Cliente: 4557- PONTELLO BOMBAS INJETORAS LTDA
Lendo Nota Fiscal: 42260630900388000229550010000045571805652572.pdf
      Item encontrado: KSF00VC01502 | VALVULA BASTAO AMAROK 2.0 KINGSTAR
CEST: 01.046.00
      Item encontrado: KS28277576 | VALVULA DE CONTROLE KIA BONGO HR 2.5 INJ 28229873
CEST: 01.046.00
------------------------------------------------------------
Cliente: 4559 - NELSON CARDOSO
Lendo Nota Fiscal: 42260630900388000229550010000045591481558090.pdf
      Item encontrado: KS0445110565 | INJETOR CR JUMPER EXPERT 1.6 KS
------------------------------------------------------------
Cliente: 4558 - RW DIESEL LTDA
Lendo Nota Fiscal: 42260630900388000229550010000045581762505716.pdf
      Item encontrado: LD0445120231 | INJETOR CR KOMATSU PC200 6.7
CEST: 01.030.00
Planilha gerada com sucesso: C:\Conferencias_Faturamento\Conferencia_09_06_2026.xlsx
Processo finalizado com sucesso.
================================================================================
================================================================================
Iniciando conferência automática de faturamento
Data de conferência: 09/06/2026
Pasta acessada: G:\Drives compartilhados\TW_Faturamento\2026\FATURAMENTO - M30 SC\06 - JUNHO\09
Pastas de clientes encontradas: 8
------------------------------------------------------------
Cliente: 4552 - 50.201.544 JOAO CARLOS DE MEDEIROS
Lendo Nota Fiscal: 42260630900388000229550010000045521628969823.pdf
      Item encontrado: KS0445110273 | INJETOR CR IVECO DAILY DUCATO 2.3 KINGSTAR
------------------------------------------------------------
Cliente: 4553 - TRIJET PARTS DIESEL LTDA
Lendo Nota Fiscal: 42260630900388000229550010000045531640991440.pdf
      Item encontrado: KS166000372R | INJETOR SIEMENS - FRONTIER 2.3 16V ANO 2017 A
2023 KINGSTAR
CEST: 01.030.00
------------------------------------------------------------
Cliente: 4554 - DISLUBRI DISTRIBUIDOR AUTOMOTIVO LTDA
Lendo Nota Fiscal: 42260630900388000229550010000045541437844125.pdf
      Item encontrado: KSF00VC01502 | VALVULA BASTAO AMAROK 2.0 KINGSTAR
CEST: 01.046.00
------------------------------------------------------------
Cliente: 4555 - RD DIESEL LTDA
Lendo Nota Fiscal: 42260630900388000229550010000045551278968850.pdf
      Item encontrado: LD0950006250 | INJETOR CR NISSAN FRONTIER 2.5 EURO 4
CEST: 01.030.00
------------------------------------------------------------
Cliente: 4556 - A A DE SOUZA DISTRIBUIDORA E REPRESENTACOES
Lendo Nota Fiscal: 42260630900388000229550010000045561294793462.pdf
      Item encontrado: KS166000372R | INJETOR SIEMENS - FRONTIER 2.3 16V ANO 2017 A
2023 KINGSTAR
CEST: 01.030.00
------------------------------------------------------------
Cliente: 4557- PONTELLO BOMBAS INJETORAS LTDA
Lendo Nota Fiscal: 42260630900388000229550010000045571805652572.pdf
      Item encontrado: KSF00VC01502 | VALVULA BASTAO AMAROK 2.0 KINGSTAR
CEST: 01.046.00
      Item encontrado: KS28277576 | VALVULA DE CONTROLE KIA BONGO HR 2.5 INJ 28229873
CEST: 01.046.00
------------------------------------------------------------
Cliente: 4559 - NELSON CARDOSO
Lendo Nota Fiscal: 42260630900388000229550010000045591481558090.pdf
      Item encontrado: KS0445110565 | INJETOR CR JUMPER EXPERT 1.6 KS
------------------------------------------------------------
Cliente: 4558 - RW DIESEL LTDA
Lendo Nota Fiscal: 42260630900388000229550010000045581762505716.pdf
      Item encontrado: LD0445120231 | INJETOR CR KOMATSU PC200 6.7
CEST: 01.030.00
Planilha gerada com sucesso: C:\Conferencias_Faturamento\Conferencia_09_06_2026.xlsx
Processo finalizado com sucesso.
================================================================================
================================================================================
Iniciando conferência automática de faturamento
Data de conferência: 09/06/2026
Pasta acessada: G:\Drives compartilhados\TW_Faturamento\2026\FATURAMENTO - M30 SC\06 - JUNHO\09
Pastas de clientes encontradas: 8
------------------------------------------------------------
Cliente: 4552 - 50.201.544 JOAO CARLOS DE MEDEIROS
Lendo Nota Fiscal: 42260630900388000229550010000045521628969823.pdf
      Item encontrado: KS0445110273 | INJETOR CR IVECO DAILY DUCATO 2.3 KINGSTAR
------------------------------------------------------------
Cliente: 4553 - TRIJET PARTS DIESEL LTDA
Lendo Nota Fiscal: 42260630900388000229550010000045531640991440.pdf
      Item encontrado: KS166000372R | INJETOR SIEMENS - FRONTIER 2.3 16V ANO 2017 A
2023 KINGSTAR
CEST: 01.030.00
------------------------------------------------------------
Cliente: 4554 - DISLUBRI DISTRIBUIDOR AUTOMOTIVO LTDA
Lendo Nota Fiscal: 42260630900388000229550010000045541437844125.pdf
      Item encontrado: KSF00VC01502 | VALVULA BASTAO AMAROK 2.0 KINGSTAR
CEST: 01.046.00
------------------------------------------------------------
Cliente: 4555 - RD DIESEL LTDA
Lendo Nota Fiscal: 42260630900388000229550010000045551278968850.pdf
      Item encontrado: LD0950006250 | INJETOR CR NISSAN FRONTIER 2.5 EURO 4
CEST: 01.030.00
------------------------------------------------------------
Cliente: 4556 - A A DE SOUZA DISTRIBUIDORA E REPRESENTACOES
Lendo Nota Fiscal: 42260630900388000229550010000045561294793462.pdf
      Item encontrado: KS166000372R | INJETOR SIEMENS - FRONTIER 2.3 16V ANO 2017 A
2023 KINGSTAR
CEST: 01.030.00
------------------------------------------------------------
Cliente: 4557- PONTELLO BOMBAS INJETORAS LTDA
Lendo Nota Fiscal: 42260630900388000229550010000045571805652572.pdf
      Item encontrado: KSF00VC01502 | VALVULA BASTAO AMAROK 2.0 KINGSTAR
CEST: 01.046.00
      Item encontrado: KS28277576 | VALVULA DE CONTROLE KIA BONGO HR 2.5 INJ 28229873
CEST: 01.046.00
------------------------------------------------------------
Cliente: 4559 - NELSON CARDOSO
Lendo Nota Fiscal: 42260630900388000229550010000045591481558090.pdf
      Item encontrado: KS0445110565 | INJETOR CR JUMPER EXPERT 1.6 KS
------------------------------------------------------------
Cliente: 4558 - RW DIESEL LTDA
Lendo Nota Fiscal: 42260630900388000229550010000045581762505716.pdf
      Item encontrado: LD0445120231 | INJETOR CR KOMATSU PC200 6.7
CEST: 01.030.00
Planilha gerada com sucesso: C:\Conferencias_Faturamento\Conferencia_09_06_2026.xlsx
Processo finalizado com sucesso.
================================================================================
================================================================================
Iniciando conferência automática de faturamento
Data de conferência: 09/06/2026
Pasta acessada: G:\Drives compartilhados\TW_Faturamento\2026\FATURAMENTO - M30 SC\06 - JUNHO\09
Pastas de clientes encontradas: 8
------------------------------------------------------------
Cliente: 4552 - 50.201.544 JOAO CARLOS DE MEDEIROS
Lendo Nota Fiscal: 42260630900388000229550010000045521628969823.pdf
      Item encontrado: KS0445110273 | INJETOR CR IVECO DAILY DUCATO 2.3 KINGSTAR
------------------------------------------------------------
Cliente: 4553 - TRIJET PARTS DIESEL LTDA
Lendo Nota Fiscal: 42260630900388000229550010000045531640991440.pdf
      Item encontrado: KS166000372R | INJETOR SIEMENS - FRONTIER 2.3 16V ANO 2017 A
2023 KINGSTAR
CEST: 01.030.00
------------------------------------------------------------
Cliente: 4554 - DISLUBRI DISTRIBUIDOR AUTOMOTIVO LTDA
Lendo Nota Fiscal: 42260630900388000229550010000045541437844125.pdf
      Item encontrado: KSF00VC01502 | VALVULA BASTAO AMAROK 2.0 KINGSTAR
CEST: 01.046.00
------------------------------------------------------------
Cliente: 4555 - RD DIESEL LTDA
Lendo Nota Fiscal: 42260630900388000229550010000045551278968850.pdf
      Item encontrado: LD0950006250 | INJETOR CR NISSAN FRONTIER 2.5 EURO 4
CEST: 01.030.00
------------------------------------------------------------
Cliente: 4556 - A A DE SOUZA DISTRIBUIDORA E REPRESENTACOES
Lendo Nota Fiscal: 42260630900388000229550010000045561294793462.pdf
      Item encontrado: KS166000372R | INJETOR SIEMENS - FRONTIER 2.3 16V ANO 2017 A
2023 KINGSTAR
CEST: 01.030.00
------------------------------------------------------------
Cliente: 4557- PONTELLO BOMBAS INJETORAS LTDA
Lendo Nota Fiscal: 42260630900388000229550010000045571805652572.pdf
      Item encontrado: KSF00VC01502 | VALVULA BASTAO AMAROK 2.0 KINGSTAR
CEST: 01.046.00
      Item encontrado: KS28277576 | VALVULA DE CONTROLE KIA BONGO HR 2.5 INJ 28229873
CEST: 01.046.00
------------------------------------------------------------
Cliente: 4559 - NELSON CARDOSO
Lendo Nota Fiscal: 42260630900388000229550010000045591481558090.pdf
      Item encontrado: KS0445110565 | INJETOR CR JUMPER EXPERT 1.6 KS
------------------------------------------------------------
Cliente: 4558 - RW DIESEL LTDA
Lendo Nota Fiscal: 42260630900388000229550010000045581762505716.pdf
      Item encontrado: LD0445120231 | INJETOR CR KOMATSU PC200 6.7
CEST: 01.030.00
Planilha gerada com sucesso: C:\Users\Dell\OneDrive\Documentos\GitHub\conferencia-automatica-de-NF\Conferencia_09_06_2026.xlsx
Processo finalizado com sucesso.
================================================================================
================================================================================
Iniciando conferência automática de faturamento
Data de conferência: 09/06/2026
Pasta acessada: G:\Drives compartilhados\TW_Faturamento\2026\FATURAMENTO - M30 SC\06 - JUNHO\09
Pastas de clientes encontradas: 8
------------------------------------------------------------
Cliente: 4552 - 50.201.544 JOAO CARLOS DE MEDEIROS
Lendo Nota Fiscal: 42260630900388000229550010000045521628969823.pdf
      Item encontrado: KS0445110273 | INJETOR CR IVECO DAILY DUCATO 2.3 KINGSTAR
------------------------------------------------------------
Cliente: 4553 - TRIJET PARTS DIESEL LTDA
Lendo Nota Fiscal: 42260630900388000229550010000045531640991440.pdf
      Item encontrado: KS166000372R | INJETOR SIEMENS - FRONTIER 2.3 16V ANO 2017 A
2023 KINGSTAR
CEST: 01.030.00
------------------------------------------------------------
Cliente: 4554 - DISLUBRI DISTRIBUIDOR AUTOMOTIVO LTDA
Lendo Nota Fiscal: 42260630900388000229550010000045541437844125.pdf
      Item encontrado: KSF00VC01502 | VALVULA BASTAO AMAROK 2.0 KINGSTAR
CEST: 01.046.00
------------------------------------------------------------
Cliente: 4555 - RD DIESEL LTDA
Lendo Nota Fiscal: 42260630900388000229550010000045551278968850.pdf
      Item encontrado: LD0950006250 | INJETOR CR NISSAN FRONTIER 2.5 EURO 4
CEST: 01.030.00
------------------------------------------------------------
Cliente: 4556 - A A DE SOUZA DISTRIBUIDORA E REPRESENTACOES
Lendo Nota Fiscal: 42260630900388000229550010000045561294793462.pdf
      Item encontrado: KS166000372R | INJETOR SIEMENS - FRONTIER 2.3 16V ANO 2017 A
2023 KINGSTAR
CEST: 01.030.00
------------------------------------------------------------
Cliente: 4557- PONTELLO BOMBAS INJETORAS LTDA
Lendo Nota Fiscal: 42260630900388000229550010000045571805652572.pdf
      Item encontrado: KSF00VC01502 | VALVULA BASTAO AMAROK 2.0 KINGSTAR
CEST: 01.046.00
      Item encontrado: KS28277576 | VALVULA DE CONTROLE KIA BONGO HR 2.5 INJ 28229873
CEST: 01.046.00
------------------------------------------------------------
Cliente: 4559 - NELSON CARDOSO
Lendo Nota Fiscal: 42260630900388000229550010000045591481558090.pdf
      Item encontrado: KS0445110565 | INJETOR CR JUMPER EXPERT 1.6 KS
------------------------------------------------------------
Cliente: 4558 - RW DIESEL LTDA
Lendo Nota Fiscal: 42260630900388000229550010000045581762505716.pdf
      Item encontrado: LD0445120231 | INJETOR CR KOMATSU PC200 6.7
CEST: 01.030.00
Planilha gerada com sucesso: C:\Users\Dell\OneDrive\Documentos\GitHub\conferencia-automatica-de-NF\Conferencia_09_06_2026.xlsx
Processo finalizado com sucesso.
================================================================================
================================================================================
Iniciando conferência automática de faturamento
Data de conferência: 09/06/2026
Pasta acessada: G:\Drives compartilhados\TW_Faturamento\2026\FATURAMENTO - M30 SC\06 - JUNHO\09
Pastas de clientes encontradas: 8
------------------------------------------------------------
Cliente: 4552 - 50.201.544 JOAO CARLOS DE MEDEIROS
Lendo Nota Fiscal: 42260630900388000229550010000045521628969823.pdf
      Item encontrado: KS0445110273 | INJETOR CR IVECO DAILY DUCATO 2.3 KINGSTAR
------------------------------------------------------------
Cliente: 4553 - TRIJET PARTS DIESEL LTDA
Lendo Nota Fiscal: 42260630900388000229550010000045531640991440.pdf
      Item encontrado: KS166000372R | INJETOR SIEMENS - FRONTIER 2.3 16V ANO 2017 A
2023 KINGSTAR
CEST: 01.030.00
------------------------------------------------------------
Cliente: 4554 - DISLUBRI DISTRIBUIDOR AUTOMOTIVO LTDA
Lendo Nota Fiscal: 42260630900388000229550010000045541437844125.pdf
      Item encontrado: KSF00VC01502 | VALVULA BASTAO AMAROK 2.0 KINGSTAR
CEST: 01.046.00
------------------------------------------------------------
Cliente: 4555 - RD DIESEL LTDA
Lendo Nota Fiscal: 42260630900388000229550010000045551278968850.pdf
      Item encontrado: LD0950006250 | INJETOR CR NISSAN FRONTIER 2.5 EURO 4
CEST: 01.030.00
------------------------------------------------------------
Cliente: 4556 - A A DE SOUZA DISTRIBUIDORA E REPRESENTACOES
Lendo Nota Fiscal: 42260630900388000229550010000045561294793462.pdf
      Item encontrado: KS166000372R | INJETOR SIEMENS - FRONTIER 2.3 16V ANO 2017 A
2023 KINGSTAR
CEST: 01.030.00
------------------------------------------------------------
Cliente: 4557- PONTELLO BOMBAS INJETORAS LTDA
Lendo Nota Fiscal: 42260630900388000229550010000045571805652572.pdf
      Item encontrado: KSF00VC01502 | VALVULA BASTAO AMAROK 2.0 KINGSTAR
CEST: 01.046.00
      Item encontrado: KS28277576 | VALVULA DE CONTROLE KIA BONGO HR 2.5 INJ 28229873
CEST: 01.046.00
------------------------------------------------------------
Cliente: 4559 - NELSON CARDOSO
Lendo Nota Fiscal: 42260630900388000229550010000045591481558090.pdf
      Item encontrado: KS0445110565 | INJETOR CR JUMPER EXPERT 1.6 KS
------------------------------------------------------------
Cliente: 4558 - RW DIESEL LTDA
Lendo Nota Fiscal: 42260630900388000229550010000045581762505716.pdf
      Item encontrado: LD0445120231 | INJETOR CR KOMATSU PC200 6.7
CEST: 01.030.00
Planilha gerada com sucesso: C:\Users\Dell\OneDrive\Documentos\GitHub\conferencia-automatica-de-NF\Conferencia_09_06_2026.xlsx
Processo finalizado com sucesso.
================================================================================
================================================================================
Iniciando conferência automática de faturamento
Data de conferência: 09/06/2026
Pasta acessada: G:\Drives compartilhados\TW_Faturamento\2026\FATURAMENTO - M30 SC\06 - JUNHO\09
Pastas de clientes encontradas: 8
------------------------------------------------------------
Cliente: 4552 - 50.201.544 JOAO CARLOS DE MEDEIROS
Lendo Nota Fiscal: 42260630900388000229550010000045521628969823.pdf
      Item encontrado: KS0445110273 | INJETOR CR IVECO DAILY DUCATO 2.3 KINGSTAR
------------------------------------------------------------
Cliente: 4553 - TRIJET PARTS DIESEL LTDA
Lendo Nota Fiscal: 42260630900388000229550010000045531640991440.pdf
      Item encontrado: KS166000372R | INJETOR SIEMENS - FRONTIER 2.3 16V ANO 2017 A
2023 KINGSTAR
CEST: 01.030.00
------------------------------------------------------------
Cliente: 4554 - DISLUBRI DISTRIBUIDOR AUTOMOTIVO LTDA
Lendo Nota Fiscal: 42260630900388000229550010000045541437844125.pdf
      Item encontrado: KSF00VC01502 | VALVULA BASTAO AMAROK 2.0 KINGSTAR
CEST: 01.046.00
------------------------------------------------------------
Cliente: 4555 - RD DIESEL LTDA
Lendo Nota Fiscal: 42260630900388000229550010000045551278968850.pdf
      Item encontrado: LD0950006250 | INJETOR CR NISSAN FRONTIER 2.5 EURO 4
CEST: 01.030.00
------------------------------------------------------------
Cliente: 4556 - A A DE SOUZA DISTRIBUIDORA E REPRESENTACOES
Lendo Nota Fiscal: 42260630900388000229550010000045561294793462.pdf
      Item encontrado: KS166000372R | INJETOR SIEMENS - FRONTIER 2.3 16V ANO 2017 A
2023 KINGSTAR
CEST: 01.030.00
------------------------------------------------------------
Cliente: 4557- PONTELLO BOMBAS INJETORAS LTDA
Lendo Nota Fiscal: 42260630900388000229550010000045571805652572.pdf
      Item encontrado: KSF00VC01502 | VALVULA BASTAO AMAROK 2.0 KINGSTAR
CEST: 01.046.00
      Item encontrado: KS28277576 | VALVULA DE CONTROLE KIA BONGO HR 2.5 INJ 28229873
CEST: 01.046.00
------------------------------------------------------------
Cliente: 4559 - NELSON CARDOSO
Lendo Nota Fiscal: 42260630900388000229550010000045591481558090.pdf
      Item encontrado: KS0445110565 | INJETOR CR JUMPER EXPERT 1.6 KS
------------------------------------------------------------
Cliente: 4558 - RW DIESEL LTDA
Lendo Nota Fiscal: 42260630900388000229550010000045581762505716.pdf
      Item encontrado: LD0445120231 | INJETOR CR KOMATSU PC200 6.7
CEST: 01.030.00
Planilha gerada com sucesso: C:\Users\Dell\OneDrive\Documentos\GitHub\conferencia-automatica-de-NF\Conferencia_09_06_2026.xlsx
Processo finalizado com sucesso.
================================================================================
================================================================================
Iniciando conferência automática de faturamento
Data de conferência: 09/06/2026
Pasta acessada: G:\Drives compartilhados\TW_Faturamento\2026\FATURAMENTO - M30 SC\06 - JUNHO\09
Pastas de clientes encontradas: 8
------------------------------------------------------------
Cliente: 4552 - 50.201.544 JOAO CARLOS DE MEDEIROS
Lendo Nota Fiscal: 42260630900388000229550010000045521628969823.pdf
      Item encontrado: KS0445110273 | INJETOR CR IVECO DAILY DUCATO 2.3 KINGSTAR
------------------------------------------------------------
Cliente: 4553 - TRIJET PARTS DIESEL LTDA
Lendo Nota Fiscal: 42260630900388000229550010000045531640991440.pdf
      Item encontrado: KS166000372R | INJETOR SIEMENS - FRONTIER 2.3 16V ANO 2017 A
2023 KINGSTAR
CEST: 01.030.00
------------------------------------------------------------
Cliente: 4554 - DISLUBRI DISTRIBUIDOR AUTOMOTIVO LTDA
Lendo Nota Fiscal: 42260630900388000229550010000045541437844125.pdf
      Item encontrado: KSF00VC01502 | VALVULA BASTAO AMAROK 2.0 KINGSTAR
CEST: 01.046.00
------------------------------------------------------------
Cliente: 4555 - RD DIESEL LTDA
Lendo Nota Fiscal: 42260630900388000229550010000045551278968850.pdf
      Item encontrado: LD0950006250 | INJETOR CR NISSAN FRONTIER 2.5 EURO 4
CEST: 01.030.00
------------------------------------------------------------
Cliente: 4556 - A A DE SOUZA DISTRIBUIDORA E REPRESENTACOES
Lendo Nota Fiscal: 42260630900388000229550010000045561294793462.pdf
      Item encontrado: KS166000372R | INJETOR SIEMENS - FRONTIER 2.3 16V ANO 2017 A
2023 KINGSTAR
CEST: 01.030.00
------------------------------------------------------------
Cliente: 4557- PONTELLO BOMBAS INJETORAS LTDA
Lendo Nota Fiscal: 42260630900388000229550010000045571805652572.pdf
      Item encontrado: KSF00VC01502 | VALVULA BASTAO AMAROK 2.0 KINGSTAR
CEST: 01.046.00
      Item encontrado: KS28277576 | VALVULA DE CONTROLE KIA BONGO HR 2.5 INJ 28229873
CEST: 01.046.00
------------------------------------------------------------
Cliente: 4559 - NELSON CARDOSO
Lendo Nota Fiscal: 42260630900388000229550010000045591481558090.pdf
      Item encontrado: KS0445110565 | INJETOR CR JUMPER EXPERT 1.6 KS
------------------------------------------------------------
Cliente: 4558 - RW DIESEL LTDA
Lendo Nota Fiscal: 42260630900388000229550010000045581762505716.pdf
      Item encontrado: LD0445120231 | INJETOR CR KOMATSU PC200 6.7
CEST: 01.030.00
Planilha gerada com sucesso: C:\Users\Dell\OneDrive\Documentos\GitHub\conferencia-automatica-de-NF\Conferencia_09_06_2026.xlsx
Processo finalizado com sucesso.
================================================================================
================================================================================
Iniciando conferência automática de faturamento
Data de conferência: 10/06/2026
Pasta acessada: G:\Drives compartilhados\TW_Faturamento\2026\FATURAMENTO - M30 SC\06 - JUNHO\10
Pastas de clientes encontradas: 7
------------------------------------------------------------
Cliente: 4560 - CANAL INJECAO DIESEL LTDA
Lendo Nota Fiscal: 42260630900388000229550010000045601668152978.pdf
      Item encontrado: KSF00VC01502 | VALVULA BASTAO AMAROK 2.0 KINGSTAR
CEST: 01.046.00
      Item encontrado: KSF00VC45206 | VALVULA DE CONTROLE PARA INJETOR
------------------------------------------------------------
Cliente: 4561 - NAUT DISTRIBUIDORA DO NORDESTE LTDA
Lendo Nota Fiscal: 42260630900388000229550010000045611871190746.pdf
      Item encontrado: KSF00VC01502 | VALVULA BASTAO AMAROK 2.0 KINGSTAR
CEST: 01.046.00
      Item encontrado: KSF00VC45206 | VALVULA DE CONTROLE PARA INJETOR
------------------------------------------------------------
Cliente: 4563 - GCR COMERCIO IMPORTACAO, EXPORTACAO DE PECAS LTDA
Lendo Nota Fiscal: 42260630900388000229550010000045631477254590.pdf
      Item encontrado: LD.F00RJ01941 | VALVULA BASTAO FORD CARGO E VW CONSTELLATION 8.9
- 0.445.120.120/140/236 LD
CEST: 01.046.00
      Item encontrado: LDF00RJ00339 | VALVULA BASTAO IVECO EUROCARGO 5.9 LEAD
      Item encontrado: LDF00VC01334 | VALVULA BASTAO MAHINDRA SCORPIO 0.445.110.260 -
LD
CEST: 01.046.00
      Item encontrado: KS28277576 | VALVULA DE CONTROLE KIA BONGO HR 2.5 INJ 28229873
CEST: 01.046.00
------------------------------------------------------------
Cliente: 4562 - SILEO FSA DIESEL LTDA
Lendo Nota Fiscal: 42260630900388000229550010000045621880947290.pdf
      Item encontrado: LDDLLA139P2229 | BICO P/ INJETOR FIAT DUCATO BOXER JUMPER 2.3 -
0.445.110.520 LD
CEST: 01.030.00
      Item encontrado: LDDLLA143P2468 | BICO INJETOR DLLA143P2468 LEAD
      Item encontrado: LDDLLA146P1581 | BICO INJETOR - 0.445.120.067 LD
CEST: 01.030.00
      Item encontrado: LDDLLA152P947 | BICO P/ INJETOR NISSAN FRONTIER 2.5 - 095000-6250
CEST: 01.030.00
      Item encontrado: LDDLLA155P1062 | BICO P/ INJETOR- HILUX 3.0 - 095000-8290 - LD
CEST: 01.030.00
      Item encontrado: LDDLLA162P2160 | BICO INJETOR AMAROK 2.0 LEAD
CEST: 01.030.00
      Item encontrado: LDDSLA143P5501 | BICO INJETOR FORD CARGO C1517 LD
CEST: 01.030.00
      Item encontrado: LDDSLA154P1320 | BICO P/ INJETOR - SPRINTER CDI 2.2 -
0.445.110.190 LD
CEST: 01.030.00
      Item encontrado: LDM0034P150 | BICO P/ INJETOR CR RANGER 3.2 CK4Q-9K546-AA
CEST: 01.030.00
      Item encontrado: LD.F00RJ01941 | VALVULA BASTAO FORD CARGO E VW CONSTELLATION 8.9
- 0.445.120.120/140/236 LD
CEST: 01.046.00
      Item encontrado: LD28277576 | VALVULA DE CONTROLE KIA BONGO HR 2.5
CEST: 01.046.00
------------------------------------------------------------
Cliente: 4564 - JCZ COMERCIO DE AUTO PECAS LTDA
Lendo Nota Fiscal: 42260630900388000229550010000045641015119141.pdf
      Item encontrado: LDDLLA162P2160 | BICO INJETOR AMAROK 2.0 LEAD
CEST: 01.030.00
------------------------------------------------------------
Cliente: 4565 - RONEI ALFEU - CANCELADO
Lendo Nota Fiscal: 42260630900388000229550010000045651164976086.pdf
      Item encontrado: KS166000372R | INJETOR SIEMENS - FRONTIER 2.3 16V ANO 2017 A
2023 KINGSTAR
CEST: 01.030.00
------------------------------------------------------------
Cliente: 4566 - RONEI ALFEU DE PAULA
Lendo Nota Fiscal: 42260630900388000229550010000045661241453841.pdf
      Item encontrado: KS166000372R | INJETOR SIEMENS - FRONTIER 2.3 16V ANO 2017 A
2023 KINGSTAR
CEST: 01.030.00
Planilha gerada com sucesso: C:\Users\Dell\OneDrive\Documentos\GitHub\conferencia-automatica-de-NF\Conferencia_10_06_2026.xlsx
Processo finalizado com sucesso.
================================================================================
