2026-06-11 08:10:08,265 | INFO | ================================================================================
2026-06-11 08:10:08,266 | INFO | Iniciando conferência automática de faturamento
2026-06-11 08:10:08,266 | INFO | Data de conferência: 10/06/2026
2026-06-11 08:10:08,267 | INFO | Pasta acessada: G:\Drives compartilhados\TW_Faturamento\2026\FATURAMENTO - M30 SC\06 - JUNHO\10
2026-06-11 08:10:08,294 | INFO | Pastas de clientes encontradas: 7
2026-06-11 08:10:08,294 | INFO | ------------------------------------------------------------
2026-06-11 08:10:08,294 | INFO | Cliente: 4560 - CANAL INJECAO DIESEL LTDA
2026-06-11 08:10:08,304 | INFO | Lendo Nota Fiscal: 42260630900388000229550010000045601668152978.pdf
2026-06-11 08:10:10,892 | INFO |       Item encontrado: KSF00VC01502 | VALVULA BASTAO AMAROK 2.0 KINGSTAR
CEST: 01.046.00
2026-06-11 08:10:10,892 | INFO |       Item encontrado: KSF00VC45206 | VALVULA DE CONTROLE PARA INJETOR
2026-06-11 08:10:10,893 | INFO | ------------------------------------------------------------
2026-06-11 08:10:10,893 | INFO | Cliente: 4561 - NAUT DISTRIBUIDORA DO NORDESTE LTDA
2026-06-11 08:10:10,905 | INFO | Lendo Nota Fiscal: 42260630900388000229550010000045611871190746.pdf
2026-06-11 08:10:11,114 | INFO |       Item encontrado: KSF00VC01502 | VALVULA BASTAO AMAROK 2.0 KINGSTAR
CEST: 01.046.00
2026-06-11 08:10:11,114 | INFO |       Item encontrado: KSF00VC45206 | VALVULA DE CONTROLE PARA INJETOR
2026-06-11 08:10:11,115 | INFO | ------------------------------------------------------------
2026-06-11 08:10:11,115 | INFO | Cliente: 4563 - GCR COMERCIO IMPORTACAO, EXPORTACAO DE PECAS LTDA
2026-06-11 08:10:11,128 | INFO | Lendo Nota Fiscal: 42260630900388000229550010000045631477254590.pdf
2026-06-11 08:10:11,437 | INFO |       Item encontrado: LD.F00RJ01941 | VALVULA BASTAO FORD CARGO E VW CONSTELLATION 8.9
- 0.445.120.120/140/236 LD
CEST: 01.046.00
2026-06-11 08:10:11,437 | INFO |       Item encontrado: LDF00RJ00339 | VALVULA BASTAO IVECO EUROCARGO 5.9 LEAD
2026-06-11 08:10:11,437 | INFO |       Item encontrado: LDF00VC01334 | VALVULA BASTAO MAHINDRA SCORPIO 0.445.110.260 -
LD
CEST: 01.046.00
2026-06-11 08:10:11,438 | INFO |       Item encontrado: KS28277576 | VALVULA DE CONTROLE KIA BONGO HR 2.5 INJ 28229873
CEST: 01.046.00
2026-06-11 08:10:11,439 | INFO | ------------------------------------------------------------
2026-06-11 08:10:11,439 | INFO | Cliente: 4562 - SILEO FSA DIESEL LTDA
2026-06-11 08:10:11,449 | INFO | Lendo Nota Fiscal: 42260630900388000229550010000045621880947290.pdf
2026-06-11 08:10:14,359 | INFO |       Item encontrado: LDDLLA139P2229 | BICO P/ INJETOR FIAT DUCATO BOXER JUMPER 2.3 -
0.445.110.520 LD
CEST: 01.030.00
2026-06-11 08:10:14,359 | INFO |       Item encontrado: LDDLLA143P2468 | BICO INJETOR DLLA143P2468 LEAD
2026-06-11 08:10:14,360 | INFO |       Item encontrado: LDDLLA146P1581 | BICO INJETOR - 0.445.120.067 LD
CEST: 01.030.00
2026-06-11 08:10:14,360 | INFO |       Item encontrado: LDDLLA152P947 | BICO P/ INJETOR NISSAN FRONTIER 2.5 - 095000-6250
CEST: 01.030.00
2026-06-11 08:10:14,360 | INFO |       Item encontrado: LDDLLA155P1062 | BICO P/ INJETOR- HILUX 3.0 - 095000-8290 - LD
CEST: 01.030.00
2026-06-11 08:10:14,361 | INFO |       Item encontrado: LDDLLA162P2160 | BICO INJETOR AMAROK 2.0 LEAD
CEST: 01.030.00
2026-06-11 08:10:14,361 | INFO |       Item encontrado: LDDSLA143P5501 | BICO INJETOR FORD CARGO C1517 LD
CEST: 01.030.00
2026-06-11 08:10:14,361 | INFO |       Item encontrado: LDDSLA154P1320 | BICO P/ INJETOR - SPRINTER CDI 2.2 -
0.445.110.190 LD
CEST: 01.030.00
2026-06-11 08:10:14,361 | INFO |       Item encontrado: LDM0034P150 | BICO P/ INJETOR CR RANGER 3.2 CK4Q-9K546-AA
CEST: 01.030.00
2026-06-11 08:10:14,361 | INFO |       Item encontrado: LD.F00RJ01941 | VALVULA BASTAO FORD CARGO E VW CONSTELLATION 8.9
- 0.445.120.120/140/236 LD
CEST: 01.046.00
2026-06-11 08:10:14,361 | INFO |       Item encontrado: LD28277576 | VALVULA DE CONTROLE KIA BONGO HR 2.5
CEST: 01.046.00
2026-06-11 08:10:14,362 | INFO | ------------------------------------------------------------
2026-06-11 08:10:14,362 | INFO | Cliente: 4564 - JCZ COMERCIO DE AUTO PECAS LTDA
2026-06-11 08:10:14,372 | INFO | Lendo Nota Fiscal: 42260630900388000229550010000045641015119141.pdf
2026-06-11 08:10:14,599 | INFO |       Item encontrado: LDDLLA162P2160 | BICO INJETOR AMAROK 2.0 LEAD
CEST: 01.030.00
2026-06-11 08:10:14,601 | INFO | ------------------------------------------------------------
2026-06-11 08:10:14,602 | INFO | Cliente: 4565 - RONEI ALFEU - CANCELADO
2026-06-11 08:10:14,608 | INFO | Lendo Nota Fiscal: 42260630900388000229550010000045651164976086.pdf
2026-06-11 08:10:20,050 | INFO |       Item encontrado: KS166000372R | INJETOR SIEMENS - FRONTIER 2.3 16V ANO 2017 A
2023 KINGSTAR
CEST: 01.030.00
2026-06-11 08:10:20,052 | INFO | ------------------------------------------------------------
2026-06-11 08:10:20,052 | INFO | Cliente: 4566 - RONEI ALFEU DE PAULA
2026-06-11 08:10:20,057 | INFO | Lendo Nota Fiscal: 42260630900388000229550010000045661241453841.pdf
2026-06-11 08:10:22,196 | INFO |       Item encontrado: KS166000372R | INJETOR SIEMENS - FRONTIER 2.3 16V ANO 2017 A
2023 KINGSTAR
CEST: 01.030.00
2026-06-11 08:10:22,652 | INFO | Planilha gerada com sucesso: C:\Users\Dell\OneDrive\Documentos\GitHub\conferencia-automatica-de-NF\Conferencia_10_06_2026.xlsx
2026-06-11 08:10:22,653 | INFO | Processo finalizado com sucesso.
2026-06-11 08:10:22,653 | INFO | ================================================================================
